ERROR - 2025-11-07 07:49:54 --> ErrorException: pg_query(): Query failed: ERREUR:  la table « utilisateur » n'existe pas in C:\Users\thiba\Desktop\Programmes\Pro\SAEs\SAE-5.01\Eloge_Du_Monde\system\Database\Postgre\Connection.php:206
Stack trace:
#0 [internal function]: CodeIgniter\Debug\Exceptions->errorHandler(2, 'pg_query(): Que...', 'C:\\Users\\thiba\\...', 206)
#1 C:\Users\thiba\Desktop\Programmes\Pro\SAEs\SAE-5.01\Eloge_Du_Monde\system\Database\Postgre\Connection.php(206): pg_query(Object(PgSql\Connection), 'DROP TABLE "uti...')
#2 C:\Users\thiba\Desktop\Programmes\Pro\SAEs\SAE-5.01\Eloge_Du_Monde\system\Database\BaseConnection.php(729): CodeIgniter\Database\Postgre\Connection->execute('DROP TABLE "uti...')
#3 C:\Users\thiba\Desktop\Programmes\Pro\SAEs\SAE-5.01\Eloge_Du_Monde\system\Database\BaseConnection.php(646): CodeIgniter\Database\BaseConnection->simpleQuery('DROP TABLE "uti...')
#4 C:\Users\thiba\Desktop\Programmes\Pro\SAEs\SAE-5.01\Eloge_Du_Monde\system\Database\Forge.php(663): CodeIgniter\Database\BaseConnection->query('DROP TABLE "uti...')
#5 C:\Users\thiba\Desktop\Programmes\Pro\SAEs\SAE-5.01\Eloge_Du_Monde\app\Database\Migrations\2025-11-06-093458_CreateTableUtilisateur.php(60): CodeIgniter\Database\Forge->dropTable('utilisateur')
#6 C:\Users\thiba\Desktop\Programmes\Pro\SAEs\SAE-5.01\Eloge_Du_Monde\system\Database\MigrationRunner.php(876): App\Database\Migrations\CreateTableUtilisateur->down()
#7 C:\Users\thiba\Desktop\Programmes\Pro\SAEs\SAE-5.01\Eloge_Du_Monde\system\Database\MigrationRunner.php(289): CodeIgniter\Database\MigrationRunner->migrate('down', Object(stdClass))
#8 C:\Users\thiba\Desktop\Programmes\Pro\SAEs\SAE-5.01\Eloge_Du_Monde\system\Commands\Database\MigrateRollback.php(101): CodeIgniter\Database\MigrationRunner->regress(1)
#9 C:\Users\thiba\Desktop\Programmes\Pro\SAEs\SAE-5.01\Eloge_Du_Monde\system\CLI\Commands.php(74): CodeIgniter\Commands\Database\MigrateRollback->run(Array)
#10 C:\Users\thiba\Desktop\Programmes\Pro\SAEs\SAE-5.01\Eloge_Du_Monde\system\CLI\Console.php(47): CodeIgniter\CLI\Commands->run('migrate:rollbac...', Array)
#11 C:\Users\thiba\Desktop\Programmes\Pro\SAEs\SAE-5.01\Eloge_Du_Monde\system\Boot.php(388): CodeIgniter\CLI\Console->run()
#12 C:\Users\thiba\Desktop\Programmes\Pro\SAEs\SAE-5.01\Eloge_Du_Monde\system\Boot.php(133): CodeIgniter\Boot::runCommand(Object(CodeIgniter\CLI\Console))
#13 C:\Users\thiba\Desktop\Programmes\Pro\SAEs\SAE-5.01\Eloge_Du_Monde\spark(87): CodeIgniter\Boot::bootSpark(Object(Config\Paths))
#14 {main}
ERROR - 2025-11-07 07:50:40 --> ErrorException: pg_query(): Query failed: ERREUR:  syntaxe en entrée invalide pour le type timestamp : « CURRENT_TIMESTAMP »
LINE 4:  "date" TIMESTAMP DEFAULT 'CURRENT_TIMESTAMP' NOT NULL,
                                  ^ in C:\Users\thiba\Desktop\Programmes\Pro\SAEs\SAE-5.01\Eloge_Du_Monde\system\Database\Postgre\Connection.php:206
Stack trace:
#0 [internal function]: CodeIgniter\Debug\Exceptions->errorHandler(2, 'pg_query(): Que...', 'C:\\Users\\thiba\\...', 206)
#1 C:\Users\thiba\Desktop\Programmes\Pro\SAEs\SAE-5.01\Eloge_Du_Monde\system\Database\Postgre\Connection.php(206): pg_query(Object(PgSql\Connection), 'CREATE TABLE "j...')
#2 C:\Users\thiba\Desktop\Programmes\Pro\SAEs\SAE-5.01\Eloge_Du_Monde\system\Database\BaseConnection.php(729): CodeIgniter\Database\Postgre\Connection->execute('CREATE TABLE "j...')
#3 C:\Users\thiba\Desktop\Programmes\Pro\SAEs\SAE-5.01\Eloge_Du_Monde\system\Database\BaseConnection.php(646): CodeIgniter\Database\BaseConnection->simpleQuery('CREATE TABLE "j...')
#4 C:\Users\thiba\Desktop\Programmes\Pro\SAEs\SAE-5.01\Eloge_Du_Monde\system\Database\Forge.php(570): CodeIgniter\Database\BaseConnection->query('CREATE TABLE "j...')
#5 C:\Users\thiba\Desktop\Programmes\Pro\SAEs\SAE-5.01\Eloge_Du_Monde\app\Database\Migrations\2025-11-06-103501_CreateTableJourneaux.php(34): CodeIgniter\Database\Forge->createTable('journeaux')
#6 C:\Users\thiba\Desktop\Programmes\Pro\SAEs\SAE-5.01\Eloge_Du_Monde\system\Database\MigrationRunner.php(876): App\Database\Migrations\CreateTableJourneaux->up()
#7 C:\Users\thiba\Desktop\Programmes\Pro\SAEs\SAE-5.01\Eloge_Du_Monde\system\Database\MigrationRunner.php(182): CodeIgniter\Database\MigrationRunner->migrate('up', Object(stdClass))
#8 C:\Users\thiba\Desktop\Programmes\Pro\SAEs\SAE-5.01\Eloge_Du_Monde\system\Commands\Database\Migrate.php(85): CodeIgniter\Database\MigrationRunner->latest(NULL)
#9 C:\Users\thiba\Desktop\Programmes\Pro\SAEs\SAE-5.01\Eloge_Du_Monde\system\CLI\Commands.php(74): CodeIgniter\Commands\Database\Migrate->run(Array)
#10 C:\Users\thiba\Desktop\Programmes\Pro\SAEs\SAE-5.01\Eloge_Du_Monde\system\CLI\Console.php(47): CodeIgniter\CLI\Commands->run('migrate', Array)
#11 C:\Users\thiba\Desktop\Programmes\Pro\SAEs\SAE-5.01\Eloge_Du_Monde\system\Boot.php(388): CodeIgniter\CLI\Console->run()
#12 C:\Users\thiba\Desktop\Programmes\Pro\SAEs\SAE-5.01\Eloge_Du_Monde\system\Boot.php(133): CodeIgniter\Boot::runCommand(Object(CodeIgniter\CLI\Console))
#13 C:\Users\thiba\Desktop\Programmes\Pro\SAEs\SAE-5.01\Eloge_Du_Monde\spark(87): CodeIgniter\Boot::bootSpark(Object(Config\Paths))
#14 {main}
ERROR - 2025-11-07 07:51:49 --> ErrorException: pg_query(): Query failed: ERREUR:  erreur de syntaxe sur ou près de « DEFAULT »
LINE 4:  "date" TIMESTAMP(DEFAULT CURRENT_TIMESTAMP) NOT NULL,
                          ^ in C:\Users\thiba\Desktop\Programmes\Pro\SAEs\SAE-5.01\Eloge_Du_Monde\system\Database\Postgre\Connection.php:206
Stack trace:
#0 [internal function]: CodeIgniter\Debug\Exceptions->errorHandler(2, 'pg_query(): Que...', 'C:\\Users\\thiba\\...', 206)
#1 C:\Users\thiba\Desktop\Programmes\Pro\SAEs\SAE-5.01\Eloge_Du_Monde\system\Database\Postgre\Connection.php(206): pg_query(Object(PgSql\Connection), 'CREATE TABLE "j...')
#2 C:\Users\thiba\Desktop\Programmes\Pro\SAEs\SAE-5.01\Eloge_Du_Monde\system\Database\BaseConnection.php(729): CodeIgniter\Database\Postgre\Connection->execute('CREATE TABLE "j...')
#3 C:\Users\thiba\Desktop\Programmes\Pro\SAEs\SAE-5.01\Eloge_Du_Monde\system\Database\BaseConnection.php(646): CodeIgniter\Database\BaseConnection->simpleQuery('CREATE TABLE "j...')
#4 C:\Users\thiba\Desktop\Programmes\Pro\SAEs\SAE-5.01\Eloge_Du_Monde\system\Database\Forge.php(570): CodeIgniter\Database\BaseConnection->query('CREATE TABLE "j...')
#5 C:\Users\thiba\Desktop\Programmes\Pro\SAEs\SAE-5.01\Eloge_Du_Monde\app\Database\Migrations\2025-11-06-103501_CreateTableJourneaux.php(34): CodeIgniter\Database\Forge->createTable('journeaux')
#6 C:\Users\thiba\Desktop\Programmes\Pro\SAEs\SAE-5.01\Eloge_Du_Monde\system\Database\MigrationRunner.php(876): App\Database\Migrations\CreateTableJourneaux->up()
#7 C:\Users\thiba\Desktop\Programmes\Pro\SAEs\SAE-5.01\Eloge_Du_Monde\system\Database\MigrationRunner.php(182): CodeIgniter\Database\MigrationRunner->migrate('up', Object(stdClass))
#8 C:\Users\thiba\Desktop\Programmes\Pro\SAEs\SAE-5.01\Eloge_Du_Monde\system\Commands\Database\Migrate.php(85): CodeIgniter\Database\MigrationRunner->latest(NULL)
#9 C:\Users\thiba\Desktop\Programmes\Pro\SAEs\SAE-5.01\Eloge_Du_Monde\system\CLI\Commands.php(74): CodeIgniter\Commands\Database\Migrate->run(Array)
#10 C:\Users\thiba\Desktop\Programmes\Pro\SAEs\SAE-5.01\Eloge_Du_Monde\system\CLI\Console.php(47): CodeIgniter\CLI\Commands->run('migrate', Array)
#11 C:\Users\thiba\Desktop\Programmes\Pro\SAEs\SAE-5.01\Eloge_Du_Monde\system\Boot.php(388): CodeIgniter\CLI\Console->run()
#12 C:\Users\thiba\Desktop\Programmes\Pro\SAEs\SAE-5.01\Eloge_Du_Monde\system\Boot.php(133): CodeIgniter\Boot::runCommand(Object(CodeIgniter\CLI\Console))
#13 C:\Users\thiba\Desktop\Programmes\Pro\SAEs\SAE-5.01\Eloge_Du_Monde\spark(87): CodeIgniter\Boot::bootSpark(Object(Config\Paths))
#14 {main}
ERROR - 2025-11-07 07:52:40 --> ErrorException: pg_query(): Query failed: ERREUR:  la table « utilisateur » n'existe pas in C:\Users\thiba\Desktop\Programmes\Pro\SAEs\SAE-5.01\Eloge_Du_Monde\system\Database\Postgre\Connection.php:206
Stack trace:
#0 [internal function]: CodeIgniter\Debug\Exceptions->errorHandler(2, 'pg_query(): Que...', 'C:\\Users\\thiba\\...', 206)
#1 C:\Users\thiba\Desktop\Programmes\Pro\SAEs\SAE-5.01\Eloge_Du_Monde\system\Database\Postgre\Connection.php(206): pg_query(Object(PgSql\Connection), 'DROP TABLE "uti...')
#2 C:\Users\thiba\Desktop\Programmes\Pro\SAEs\SAE-5.01\Eloge_Du_Monde\system\Database\BaseConnection.php(729): CodeIgniter\Database\Postgre\Connection->execute('DROP TABLE "uti...')
#3 C:\Users\thiba\Desktop\Programmes\Pro\SAEs\SAE-5.01\Eloge_Du_Monde\system\Database\BaseConnection.php(646): CodeIgniter\Database\BaseConnection->simpleQuery('DROP TABLE "uti...')
#4 C:\Users\thiba\Desktop\Programmes\Pro\SAEs\SAE-5.01\Eloge_Du_Monde\system\Database\Forge.php(663): CodeIgniter\Database\BaseConnection->query('DROP TABLE "uti...')
#5 C:\Users\thiba\Desktop\Programmes\Pro\SAEs\SAE-5.01\Eloge_Du_Monde\app\Database\Migrations\2025-11-06-093458_CreateTableUtilisateur.php(60): CodeIgniter\Database\Forge->dropTable('utilisateur')
#6 C:\Users\thiba\Desktop\Programmes\Pro\SAEs\SAE-5.01\Eloge_Du_Monde\system\Database\MigrationRunner.php(876): App\Database\Migrations\CreateTableUtilisateur->down()
#7 C:\Users\thiba\Desktop\Programmes\Pro\SAEs\SAE-5.01\Eloge_Du_Monde\system\Database\MigrationRunner.php(289): CodeIgniter\Database\MigrationRunner->migrate('down', Object(stdClass))
#8 C:\Users\thiba\Desktop\Programmes\Pro\SAEs\SAE-5.01\Eloge_Du_Monde\system\Commands\Database\MigrateRollback.php(101): CodeIgniter\Database\MigrationRunner->regress(0)
#9 C:\Users\thiba\Desktop\Programmes\Pro\SAEs\SAE-5.01\Eloge_Du_Monde\system\CLI\Commands.php(74): CodeIgniter\Commands\Database\MigrateRollback->run(Array)
#10 C:\Users\thiba\Desktop\Programmes\Pro\SAEs\SAE-5.01\Eloge_Du_Monde\system\CLI\BaseCommand.php(119): CodeIgniter\CLI\Commands->run('migrate:rollbac...', Array)
#11 C:\Users\thiba\Desktop\Programmes\Pro\SAEs\SAE-5.01\Eloge_Du_Monde\system\Commands\Database\MigrateRefresh.php(86): CodeIgniter\CLI\BaseCommand->call('migrate:rollbac...', Array)
#12 C:\Users\thiba\Desktop\Programmes\Pro\SAEs\SAE-5.01\Eloge_Du_Monde\system\CLI\Commands.php(74): CodeIgniter\Commands\Database\MigrateRefresh->run(Array)
#13 C:\Users\thiba\Desktop\Programmes\Pro\SAEs\SAE-5.01\Eloge_Du_Monde\system\CLI\Console.php(47): CodeIgniter\CLI\Commands->run('migrate:refresh', Array)
#14 C:\Users\thiba\Desktop\Programmes\Pro\SAEs\SAE-5.01\Eloge_Du_Monde\system\Boot.php(388): CodeIgniter\CLI\Console->run()
#15 C:\Users\thiba\Desktop\Programmes\Pro\SAEs\SAE-5.01\Eloge_Du_Monde\system\Boot.php(133): CodeIgniter\Boot::runCommand(Object(CodeIgniter\CLI\Console))
#16 C:\Users\thiba\Desktop\Programmes\Pro\SAEs\SAE-5.01\Eloge_Du_Monde\spark(87): CodeIgniter\Boot::bootSpark(Object(Config\Paths))
#17 {main}
ERROR - 2025-11-07 07:52:40 --> ErrorException: pg_query(): Query failed: ERREUR:  syntaxe en entrée invalide pour le type timestamp : « CURRENT_TIMESTAMP »
LINE 4:  "date" TIMESTAMP DEFAULT 'CURRENT_TIMESTAMP' NOT NULL,
                                  ^ in C:\Users\thiba\Desktop\Programmes\Pro\SAEs\SAE-5.01\Eloge_Du_Monde\system\Database\Postgre\Connection.php:206
Stack trace:
#0 [internal function]: CodeIgniter\Debug\Exceptions->errorHandler(2, 'pg_query(): Que...', 'C:\\Users\\thiba\\...', 206)
#1 C:\Users\thiba\Desktop\Programmes\Pro\SAEs\SAE-5.01\Eloge_Du_Monde\system\Database\Postgre\Connection.php(206): pg_query(Object(PgSql\Connection), 'CREATE TABLE "j...')
#2 C:\Users\thiba\Desktop\Programmes\Pro\SAEs\SAE-5.01\Eloge_Du_Monde\system\Database\BaseConnection.php(729): CodeIgniter\Database\Postgre\Connection->execute('CREATE TABLE "j...')
#3 C:\Users\thiba\Desktop\Programmes\Pro\SAEs\SAE-5.01\Eloge_Du_Monde\system\Database\BaseConnection.php(646): CodeIgniter\Database\BaseConnection->simpleQuery('CREATE TABLE "j...')
#4 C:\Users\thiba\Desktop\Programmes\Pro\SAEs\SAE-5.01\Eloge_Du_Monde\system\Database\Forge.php(570): CodeIgniter\Database\BaseConnection->query('CREATE TABLE "j...')
#5 C:\Users\thiba\Desktop\Programmes\Pro\SAEs\SAE-5.01\Eloge_Du_Monde\app\Database\Migrations\2025-11-06-103501_CreateTableJourneaux.php(34): CodeIgniter\Database\Forge->createTable('journeaux')
#6 C:\Users\thiba\Desktop\Programmes\Pro\SAEs\SAE-5.01\Eloge_Du_Monde\system\Database\MigrationRunner.php(876): App\Database\Migrations\CreateTableJourneaux->up()
#7 C:\Users\thiba\Desktop\Programmes\Pro\SAEs\SAE-5.01\Eloge_Du_Monde\system\Database\MigrationRunner.php(182): CodeIgniter\Database\MigrationRunner->migrate('up', Object(stdClass))
#8 C:\Users\thiba\Desktop\Programmes\Pro\SAEs\SAE-5.01\Eloge_Du_Monde\system\Commands\Database\Migrate.php(85): CodeIgniter\Database\MigrationRunner->latest(NULL)
#9 C:\Users\thiba\Desktop\Programmes\Pro\SAEs\SAE-5.01\Eloge_Du_Monde\system\CLI\Commands.php(74): CodeIgniter\Commands\Database\Migrate->run(Array)
#10 C:\Users\thiba\Desktop\Programmes\Pro\SAEs\SAE-5.01\Eloge_Du_Monde\system\CLI\BaseCommand.php(119): CodeIgniter\CLI\Commands->run('migrate', Array)
#11 C:\Users\thiba\Desktop\Programmes\Pro\SAEs\SAE-5.01\Eloge_Du_Monde\system\Commands\Database\MigrateRefresh.php(87): CodeIgniter\CLI\BaseCommand->call('migrate', Array)
#12 C:\Users\thiba\Desktop\Programmes\Pro\SAEs\SAE-5.01\Eloge_Du_Monde\system\CLI\Commands.php(74): CodeIgniter\Commands\Database\MigrateRefresh->run(Array)
#13 C:\Users\thiba\Desktop\Programmes\Pro\SAEs\SAE-5.01\Eloge_Du_Monde\system\CLI\Console.php(47): CodeIgniter\CLI\Commands->run('migrate:refresh', Array)
#14 C:\Users\thiba\Desktop\Programmes\Pro\SAEs\SAE-5.01\Eloge_Du_Monde\system\Boot.php(388): CodeIgniter\CLI\Console->run()
#15 C:\Users\thiba\Desktop\Programmes\Pro\SAEs\SAE-5.01\Eloge_Du_Monde\system\Boot.php(133): CodeIgniter\Boot::runCommand(Object(CodeIgniter\CLI\Console))
#16 C:\Users\thiba\Desktop\Programmes\Pro\SAEs\SAE-5.01\Eloge_Du_Monde\spark(87): CodeIgniter\Boot::bootSpark(Object(Config\Paths))
#17 {main}
ERROR - 2025-11-07 07:54:28 --> ErrorException: pg_query(): Query failed: ERREUR:  la table « utilisateur » n'existe pas in C:\Users\thiba\Desktop\Programmes\Pro\SAEs\SAE-5.01\Eloge_Du_Monde\system\Database\Postgre\Connection.php:206
Stack trace:
#0 [internal function]: CodeIgniter\Debug\Exceptions->errorHandler(2, 'pg_query(): Que...', 'C:\\Users\\thiba\\...', 206)
#1 C:\Users\thiba\Desktop\Programmes\Pro\SAEs\SAE-5.01\Eloge_Du_Monde\system\Database\Postgre\Connection.php(206): pg_query(Object(PgSql\Connection), 'DROP TABLE "uti...')
#2 C:\Users\thiba\Desktop\Programmes\Pro\SAEs\SAE-5.01\Eloge_Du_Monde\system\Database\BaseConnection.php(729): CodeIgniter\Database\Postgre\Connection->execute('DROP TABLE "uti...')
#3 C:\Users\thiba\Desktop\Programmes\Pro\SAEs\SAE-5.01\Eloge_Du_Monde\system\Database\BaseConnection.php(646): CodeIgniter\Database\BaseConnection->simpleQuery('DROP TABLE "uti...')
#4 C:\Users\thiba\Desktop\Programmes\Pro\SAEs\SAE-5.01\Eloge_Du_Monde\system\Database\Forge.php(663): CodeIgniter\Database\BaseConnection->query('DROP TABLE "uti...')
#5 C:\Users\thiba\Desktop\Programmes\Pro\SAEs\SAE-5.01\Eloge_Du_Monde\app\Database\Migrations\2025-11-06-093458_CreateTableUtilisateur.php(60): CodeIgniter\Database\Forge->dropTable('utilisateur')
#6 C:\Users\thiba\Desktop\Programmes\Pro\SAEs\SAE-5.01\Eloge_Du_Monde\system\Database\MigrationRunner.php(876): App\Database\Migrations\CreateTableUtilisateur->down()
#7 C:\Users\thiba\Desktop\Programmes\Pro\SAEs\SAE-5.01\Eloge_Du_Monde\system\Database\MigrationRunner.php(289): CodeIgniter\Database\MigrationRunner->migrate('down', Object(stdClass))
#8 C:\Users\thiba\Desktop\Programmes\Pro\SAEs\SAE-5.01\Eloge_Du_Monde\system\Commands\Database\MigrateRollback.php(101): CodeIgniter\Database\MigrationRunner->regress(1)
#9 C:\Users\thiba\Desktop\Programmes\Pro\SAEs\SAE-5.01\Eloge_Du_Monde\system\CLI\Commands.php(74): CodeIgniter\Commands\Database\MigrateRollback->run(Array)
#10 C:\Users\thiba\Desktop\Programmes\Pro\SAEs\SAE-5.01\Eloge_Du_Monde\system\CLI\Console.php(47): CodeIgniter\CLI\Commands->run('migrate:rollbac...', Array)
#11 C:\Users\thiba\Desktop\Programmes\Pro\SAEs\SAE-5.01\Eloge_Du_Monde\system\Boot.php(388): CodeIgniter\CLI\Console->run()
#12 C:\Users\thiba\Desktop\Programmes\Pro\SAEs\SAE-5.01\Eloge_Du_Monde\system\Boot.php(133): CodeIgniter\Boot::runCommand(Object(CodeIgniter\CLI\Console))
#13 C:\Users\thiba\Desktop\Programmes\Pro\SAEs\SAE-5.01\Eloge_Du_Monde\spark(87): CodeIgniter\Boot::bootSpark(Object(Config\Paths))
#14 {main}
ERROR - 2025-11-07 07:57:31 --> ErrorException: pg_query(): Query failed: ERREUR:  syntaxe en entrée invalide pour le type timestamp : « CURRENT_TIMESTAMP »
LINE 4:  "date" TIMESTAMP DEFAULT 'CURRENT_TIMESTAMP' NOT NULL,
                                  ^ in C:\Users\thiba\Desktop\Programmes\Pro\SAEs\SAE-5.01\Eloge_Du_Monde\system\Database\Postgre\Connection.php:206
Stack trace:
#0 [internal function]: CodeIgniter\Debug\Exceptions->errorHandler(2, 'pg_query(): Que...', 'C:\\Users\\thiba\\...', 206)
#1 C:\Users\thiba\Desktop\Programmes\Pro\SAEs\SAE-5.01\Eloge_Du_Monde\system\Database\Postgre\Connection.php(206): pg_query(Object(PgSql\Connection), 'CREATE TABLE "j...')
#2 C:\Users\thiba\Desktop\Programmes\Pro\SAEs\SAE-5.01\Eloge_Du_Monde\system\Database\BaseConnection.php(729): CodeIgniter\Database\Postgre\Connection->execute('CREATE TABLE "j...')
#3 C:\Users\thiba\Desktop\Programmes\Pro\SAEs\SAE-5.01\Eloge_Du_Monde\system\Database\BaseConnection.php(646): CodeIgniter\Database\BaseConnection->simpleQuery('CREATE TABLE "j...')
#4 C:\Users\thiba\Desktop\Programmes\Pro\SAEs\SAE-5.01\Eloge_Du_Monde\system\Database\Forge.php(570): CodeIgniter\Database\BaseConnection->query('CREATE TABLE "j...')
#5 C:\Users\thiba\Desktop\Programmes\Pro\SAEs\SAE-5.01\Eloge_Du_Monde\app\Database\Migrations\2025-11-06-103501_CreateTableJourneaux.php(34): CodeIgniter\Database\Forge->createTable('journeaux')
#6 C:\Users\thiba\Desktop\Programmes\Pro\SAEs\SAE-5.01\Eloge_Du_Monde\system\Database\MigrationRunner.php(876): App\Database\Migrations\CreateTableJourneaux->up()
#7 C:\Users\thiba\Desktop\Programmes\Pro\SAEs\SAE-5.01\Eloge_Du_Monde\system\Database\MigrationRunner.php(182): CodeIgniter\Database\MigrationRunner->migrate('up', Object(stdClass))
#8 C:\Users\thiba\Desktop\Programmes\Pro\SAEs\SAE-5.01\Eloge_Du_Monde\system\Commands\Database\Migrate.php(85): CodeIgniter\Database\MigrationRunner->latest(NULL)
#9 C:\Users\thiba\Desktop\Programmes\Pro\SAEs\SAE-5.01\Eloge_Du_Monde\system\CLI\Commands.php(74): CodeIgniter\Commands\Database\Migrate->run(Array)
#10 C:\Users\thiba\Desktop\Programmes\Pro\SAEs\SAE-5.01\Eloge_Du_Monde\system\CLI\Console.php(47): CodeIgniter\CLI\Commands->run('migrate', Array)
#11 C:\Users\thiba\Desktop\Programmes\Pro\SAEs\SAE-5.01\Eloge_Du_Monde\system\Boot.php(388): CodeIgniter\CLI\Console->run()
#12 C:\Users\thiba\Desktop\Programmes\Pro\SAEs\SAE-5.01\Eloge_Du_Monde\system\Boot.php(133): CodeIgniter\Boot::runCommand(Object(CodeIgniter\CLI\Console))
#13 C:\Users\thiba\Desktop\Programmes\Pro\SAEs\SAE-5.01\Eloge_Du_Monde\spark(87): CodeIgniter\Boot::bootSpark(Object(Config\Paths))
#14 {main}
ERROR - 2025-11-07 08:04:30 --> ErrorException: pg_query(): Query failed: ERREUR:  syntaxe en entrée invalide pour le type timestamp : « CURRENT_TIMESTAMP »
LINE 4:  "date" TIMESTAMP DEFAULT 'CURRENT_TIMESTAMP' NOT NULL,
                                  ^ in C:\Users\thiba\Desktop\Programmes\Pro\SAEs\SAE-5.01\Eloge_Du_Monde\system\Database\Postgre\Connection.php:206
Stack trace:
#0 [internal function]: CodeIgniter\Debug\Exceptions->errorHandler(2, 'pg_query(): Que...', 'C:\\Users\\thiba\\...', 206)
#1 C:\Users\thiba\Desktop\Programmes\Pro\SAEs\SAE-5.01\Eloge_Du_Monde\system\Database\Postgre\Connection.php(206): pg_query(Object(PgSql\Connection), 'CREATE TABLE "j...')
#2 C:\Users\thiba\Desktop\Programmes\Pro\SAEs\SAE-5.01\Eloge_Du_Monde\system\Database\BaseConnection.php(729): CodeIgniter\Database\Postgre\Connection->execute('CREATE TABLE "j...')
#3 C:\Users\thiba\Desktop\Programmes\Pro\SAEs\SAE-5.01\Eloge_Du_Monde\system\Database\BaseConnection.php(646): CodeIgniter\Database\BaseConnection->simpleQuery('CREATE TABLE "j...')
#4 C:\Users\thiba\Desktop\Programmes\Pro\SAEs\SAE-5.01\Eloge_Du_Monde\system\Database\Forge.php(570): CodeIgniter\Database\BaseConnection->query('CREATE TABLE "j...')
#5 C:\Users\thiba\Desktop\Programmes\Pro\SAEs\SAE-5.01\Eloge_Du_Monde\app\Database\Migrations\2025-11-06-103501_CreateTableJourneaux.php(35): CodeIgniter\Database\Forge->createTable('journeaux')
#6 C:\Users\thiba\Desktop\Programmes\Pro\SAEs\SAE-5.01\Eloge_Du_Monde\system\Database\MigrationRunner.php(876): App\Database\Migrations\CreateTableJourneaux->up()
#7 C:\Users\thiba\Desktop\Programmes\Pro\SAEs\SAE-5.01\Eloge_Du_Monde\system\Database\MigrationRunner.php(182): CodeIgniter\Database\MigrationRunner->migrate('up', Object(stdClass))
#8 C:\Users\thiba\Desktop\Programmes\Pro\SAEs\SAE-5.01\Eloge_Du_Monde\system\Commands\Database\Migrate.php(85): CodeIgniter\Database\MigrationRunner->latest(NULL)
#9 C:\Users\thiba\Desktop\Programmes\Pro\SAEs\SAE-5.01\Eloge_Du_Monde\system\CLI\Commands.php(74): CodeIgniter\Commands\Database\Migrate->run(Array)
#10 C:\Users\thiba\Desktop\Programmes\Pro\SAEs\SAE-5.01\Eloge_Du_Monde\system\CLI\Console.php(47): CodeIgniter\CLI\Commands->run('migrate', Array)
#11 C:\Users\thiba\Desktop\Programmes\Pro\SAEs\SAE-5.01\Eloge_Du_Monde\system\Boot.php(388): CodeIgniter\CLI\Console->run()
#12 C:\Users\thiba\Desktop\Programmes\Pro\SAEs\SAE-5.01\Eloge_Du_Monde\system\Boot.php(133): CodeIgniter\Boot::runCommand(Object(CodeIgniter\CLI\Console))
#13 C:\Users\thiba\Desktop\Programmes\Pro\SAEs\SAE-5.01\Eloge_Du_Monde\spark(87): CodeIgniter\Boot::bootSpark(Object(Config\Paths))
#14 {main}
ERROR - 2025-11-07 08:10:28 --> ErrorException: pg_query(): Query failed: ERREUR:  syntaxe en entrée invalide pour le type timestamp : « CURRENT_TIMESTAMP »
LINE 4:  "date" TIMESTAMP DEFAULT 'CURRENT_TIMESTAMP' NOT NULL,
                                  ^ in C:\Users\thiba\Desktop\Programmes\Pro\SAEs\SAE-5.01\Eloge_Du_Monde\system\Database\Postgre\Connection.php:206
Stack trace:
#0 [internal function]: CodeIgniter\Debug\Exceptions->errorHandler(2, 'pg_query(): Que...', 'C:\\Users\\thiba\\...', 206)
#1 C:\Users\thiba\Desktop\Programmes\Pro\SAEs\SAE-5.01\Eloge_Du_Monde\system\Database\Postgre\Connection.php(206): pg_query(Object(PgSql\Connection), 'CREATE TABLE "j...')
#2 C:\Users\thiba\Desktop\Programmes\Pro\SAEs\SAE-5.01\Eloge_Du_Monde\system\Database\BaseConnection.php(729): CodeIgniter\Database\Postgre\Connection->execute('CREATE TABLE "j...')
#3 C:\Users\thiba\Desktop\Programmes\Pro\SAEs\SAE-5.01\Eloge_Du_Monde\system\Database\BaseConnection.php(646): CodeIgniter\Database\BaseConnection->simpleQuery('CREATE TABLE "j...')
#4 C:\Users\thiba\Desktop\Programmes\Pro\SAEs\SAE-5.01\Eloge_Du_Monde\system\Database\Forge.php(570): CodeIgniter\Database\BaseConnection->query('CREATE TABLE "j...')
#5 C:\Users\thiba\Desktop\Programmes\Pro\SAEs\SAE-5.01\Eloge_Du_Monde\app\Database\Migrations\2025-11-06-103501_CreateTableJourneaux.php(35): CodeIgniter\Database\Forge->createTable('journeaux')
#6 C:\Users\thiba\Desktop\Programmes\Pro\SAEs\SAE-5.01\Eloge_Du_Monde\system\Database\MigrationRunner.php(876): App\Database\Migrations\CreateTableJourneaux->up()
#7 C:\Users\thiba\Desktop\Programmes\Pro\SAEs\SAE-5.01\Eloge_Du_Monde\system\Database\MigrationRunner.php(182): CodeIgniter\Database\MigrationRunner->migrate('up', Object(stdClass))
#8 C:\Users\thiba\Desktop\Programmes\Pro\SAEs\SAE-5.01\Eloge_Du_Monde\system\Commands\Database\Migrate.php(85): CodeIgniter\Database\MigrationRunner->latest(NULL)
#9 C:\Users\thiba\Desktop\Programmes\Pro\SAEs\SAE-5.01\Eloge_Du_Monde\system\CLI\Commands.php(74): CodeIgniter\Commands\Database\Migrate->run(Array)
#10 C:\Users\thiba\Desktop\Programmes\Pro\SAEs\SAE-5.01\Eloge_Du_Monde\system\CLI\Console.php(47): CodeIgniter\CLI\Commands->run('migrate', Array)
#11 C:\Users\thiba\Desktop\Programmes\Pro\SAEs\SAE-5.01\Eloge_Du_Monde\system\Boot.php(388): CodeIgniter\CLI\Console->run()
#12 C:\Users\thiba\Desktop\Programmes\Pro\SAEs\SAE-5.01\Eloge_Du_Monde\system\Boot.php(133): CodeIgniter\Boot::runCommand(Object(CodeIgniter\CLI\Console))
#13 C:\Users\thiba\Desktop\Programmes\Pro\SAEs\SAE-5.01\Eloge_Du_Monde\spark(87): CodeIgniter\Boot::bootSpark(Object(Config\Paths))
#14 {main}
ERROR - 2025-11-07 08:13:26 --> ErrorException: pg_query(): Query failed: ERREUR:  ne peut pas utiliser une référence de colonne dans l'expression par défaut
LINE 4:  "date" TIMESTAMP DEFAULT TIMESTAMP NOT NULL,
                                  ^ in C:\Users\thiba\Desktop\Programmes\Pro\SAEs\SAE-5.01\Eloge_Du_Monde\system\Database\Postgre\Connection.php:206
Stack trace:
#0 [internal function]: CodeIgniter\Debug\Exceptions->errorHandler(2, 'pg_query(): Que...', 'C:\\Users\\thiba\\...', 206)
#1 C:\Users\thiba\Desktop\Programmes\Pro\SAEs\SAE-5.01\Eloge_Du_Monde\system\Database\Postgre\Connection.php(206): pg_query(Object(PgSql\Connection), 'CREATE TABLE "j...')
#2 C:\Users\thiba\Desktop\Programmes\Pro\SAEs\SAE-5.01\Eloge_Du_Monde\system\Database\BaseConnection.php(729): CodeIgniter\Database\Postgre\Connection->execute('CREATE TABLE "j...')
#3 C:\Users\thiba\Desktop\Programmes\Pro\SAEs\SAE-5.01\Eloge_Du_Monde\system\Database\BaseConnection.php(646): CodeIgniter\Database\BaseConnection->simpleQuery('CREATE TABLE "j...')
#4 C:\Users\thiba\Desktop\Programmes\Pro\SAEs\SAE-5.01\Eloge_Du_Monde\system\Database\Forge.php(570): CodeIgniter\Database\BaseConnection->query('CREATE TABLE "j...')
#5 C:\Users\thiba\Desktop\Programmes\Pro\SAEs\SAE-5.01\Eloge_Du_Monde\app\Database\Migrations\2025-11-06-103501_CreateTableJourneaux.php(34): CodeIgniter\Database\Forge->createTable('journeaux')
#6 C:\Users\thiba\Desktop\Programmes\Pro\SAEs\SAE-5.01\Eloge_Du_Monde\system\Database\MigrationRunner.php(876): App\Database\Migrations\CreateTableJourneaux->up()
#7 C:\Users\thiba\Desktop\Programmes\Pro\SAEs\SAE-5.01\Eloge_Du_Monde\system\Database\MigrationRunner.php(182): CodeIgniter\Database\MigrationRunner->migrate('up', Object(stdClass))
#8 C:\Users\thiba\Desktop\Programmes\Pro\SAEs\SAE-5.01\Eloge_Du_Monde\system\Commands\Database\Migrate.php(85): CodeIgniter\Database\MigrationRunner->latest(NULL)
#9 C:\Users\thiba\Desktop\Programmes\Pro\SAEs\SAE-5.01\Eloge_Du_Monde\system\CLI\Commands.php(74): CodeIgniter\Commands\Database\Migrate->run(Array)
#10 C:\Users\thiba\Desktop\Programmes\Pro\SAEs\SAE-5.01\Eloge_Du_Monde\system\CLI\Console.php(47): CodeIgniter\CLI\Commands->run('migrate', Array)
#11 C:\Users\thiba\Desktop\Programmes\Pro\SAEs\SAE-5.01\Eloge_Du_Monde\system\Boot.php(388): CodeIgniter\CLI\Console->run()
#12 C:\Users\thiba\Desktop\Programmes\Pro\SAEs\SAE-5.01\Eloge_Du_Monde\system\Boot.php(133): CodeIgniter\Boot::runCommand(Object(CodeIgniter\CLI\Console))
#13 C:\Users\thiba\Desktop\Programmes\Pro\SAEs\SAE-5.01\Eloge_Du_Monde\spark(87): CodeIgniter\Boot::bootSpark(Object(Config\Paths))
#14 {main}
ERROR - 2025-11-07 08:13:47 --> ErrorException: pg_query(): Query failed: ERREUR:  il n'existe aucune contrainte unique correspondant aux clés données pour la table « utilisateur » référencée in C:\Users\thiba\Desktop\Programmes\Pro\SAEs\SAE-5.01\Eloge_Du_Monde\system\Database\Postgre\Connection.php:206
Stack trace:
#0 [internal function]: CodeIgniter\Debug\Exceptions->errorHandler(2, 'pg_query(): Que...', 'C:\\Users\\thiba\\...', 206)
#1 C:\Users\thiba\Desktop\Programmes\Pro\SAEs\SAE-5.01\Eloge_Du_Monde\system\Database\Postgre\Connection.php(206): pg_query(Object(PgSql\Connection), 'CREATE TABLE "j...')
#2 C:\Users\thiba\Desktop\Programmes\Pro\SAEs\SAE-5.01\Eloge_Du_Monde\system\Database\BaseConnection.php(729): CodeIgniter\Database\Postgre\Connection->execute('CREATE TABLE "j...')
#3 C:\Users\thiba\Desktop\Programmes\Pro\SAEs\SAE-5.01\Eloge_Du_Monde\system\Database\BaseConnection.php(646): CodeIgniter\Database\BaseConnection->simpleQuery('CREATE TABLE "j...')
#4 C:\Users\thiba\Desktop\Programmes\Pro\SAEs\SAE-5.01\Eloge_Du_Monde\system\Database\Forge.php(570): CodeIgniter\Database\BaseConnection->query('CREATE TABLE "j...')
#5 C:\Users\thiba\Desktop\Programmes\Pro\SAEs\SAE-5.01\Eloge_Du_Monde\app\Database\Migrations\2025-11-06-103501_CreateTableJourneaux.php(34): CodeIgniter\Database\Forge->createTable('journeaux')
#6 C:\Users\thiba\Desktop\Programmes\Pro\SAEs\SAE-5.01\Eloge_Du_Monde\system\Database\MigrationRunner.php(876): App\Database\Migrations\CreateTableJourneaux->up()
#7 C:\Users\thiba\Desktop\Programmes\Pro\SAEs\SAE-5.01\Eloge_Du_Monde\system\Database\MigrationRunner.php(182): CodeIgniter\Database\MigrationRunner->migrate('up', Object(stdClass))
#8 C:\Users\thiba\Desktop\Programmes\Pro\SAEs\SAE-5.01\Eloge_Du_Monde\system\Commands\Database\Migrate.php(85): CodeIgniter\Database\MigrationRunner->latest(NULL)
#9 C:\Users\thiba\Desktop\Programmes\Pro\SAEs\SAE-5.01\Eloge_Du_Monde\system\CLI\Commands.php(74): CodeIgniter\Commands\Database\Migrate->run(Array)
#10 C:\Users\thiba\Desktop\Programmes\Pro\SAEs\SAE-5.01\Eloge_Du_Monde\system\CLI\Console.php(47): CodeIgniter\CLI\Commands->run('migrate', Array)
#11 C:\Users\thiba\Desktop\Programmes\Pro\SAEs\SAE-5.01\Eloge_Du_Monde\system\Boot.php(388): CodeIgniter\CLI\Console->run()
#12 C:\Users\thiba\Desktop\Programmes\Pro\SAEs\SAE-5.01\Eloge_Du_Monde\system\Boot.php(133): CodeIgniter\Boot::runCommand(Object(CodeIgniter\CLI\Console))
#13 C:\Users\thiba\Desktop\Programmes\Pro\SAEs\SAE-5.01\Eloge_Du_Monde\spark(87): CodeIgniter\Boot::bootSpark(Object(Config\Paths))
#14 {main}
ERROR - 2025-11-07 08:26:11 --> ErrorException: pg_query(): Query failed: ERREUR:  il n'existe aucune contrainte unique correspondant aux clés données pour la table « utilisateur » référencée in C:\Users\thiba\Desktop\Programmes\Pro\SAEs\SAE-5.01\Eloge_Du_Monde\system\Database\Postgre\Connection.php:206
Stack trace:
#0 [internal function]: CodeIgniter\Debug\Exceptions->errorHandler(2, 'pg_query(): Que...', 'C:\\Users\\thiba\\...', 206)
#1 C:\Users\thiba\Desktop\Programmes\Pro\SAEs\SAE-5.01\Eloge_Du_Monde\system\Database\Postgre\Connection.php(206): pg_query(Object(PgSql\Connection), 'CREATE TABLE "j...')
#2 C:\Users\thiba\Desktop\Programmes\Pro\SAEs\SAE-5.01\Eloge_Du_Monde\system\Database\BaseConnection.php(729): CodeIgniter\Database\Postgre\Connection->execute('CREATE TABLE "j...')
#3 C:\Users\thiba\Desktop\Programmes\Pro\SAEs\SAE-5.01\Eloge_Du_Monde\system\Database\BaseConnection.php(646): CodeIgniter\Database\BaseConnection->simpleQuery('CREATE TABLE "j...')
#4 C:\Users\thiba\Desktop\Programmes\Pro\SAEs\SAE-5.01\Eloge_Du_Monde\system\Database\Forge.php(570): CodeIgniter\Database\BaseConnection->query('CREATE TABLE "j...')
#5 C:\Users\thiba\Desktop\Programmes\Pro\SAEs\SAE-5.01\Eloge_Du_Monde\app\Database\Migrations\2025-11-06-103501_CreateTableJourneaux.php(35): CodeIgniter\Database\Forge->createTable('journeaux')
#6 C:\Users\thiba\Desktop\Programmes\Pro\SAEs\SAE-5.01\Eloge_Du_Monde\system\Database\MigrationRunner.php(876): App\Database\Migrations\CreateTableJourneaux->up()
#7 C:\Users\thiba\Desktop\Programmes\Pro\SAEs\SAE-5.01\Eloge_Du_Monde\system\Database\MigrationRunner.php(182): CodeIgniter\Database\MigrationRunner->migrate('up', Object(stdClass))
#8 C:\Users\thiba\Desktop\Programmes\Pro\SAEs\SAE-5.01\Eloge_Du_Monde\system\Commands\Database\Migrate.php(85): CodeIgniter\Database\MigrationRunner->latest(NULL)
#9 C:\Users\thiba\Desktop\Programmes\Pro\SAEs\SAE-5.01\Eloge_Du_Monde\system\CLI\Commands.php(74): CodeIgniter\Commands\Database\Migrate->run(Array)
#10 C:\Users\thiba\Desktop\Programmes\Pro\SAEs\SAE-5.01\Eloge_Du_Monde\system\CLI\Console.php(47): CodeIgniter\CLI\Commands->run('migrate', Array)
#11 C:\Users\thiba\Desktop\Programmes\Pro\SAEs\SAE-5.01\Eloge_Du_Monde\system\Boot.php(388): CodeIgniter\CLI\Console->run()
#12 C:\Users\thiba\Desktop\Programmes\Pro\SAEs\SAE-5.01\Eloge_Du_Monde\system\Boot.php(133): CodeIgniter\Boot::runCommand(Object(CodeIgniter\CLI\Console))
#13 C:\Users\thiba\Desktop\Programmes\Pro\SAEs\SAE-5.01\Eloge_Du_Monde\spark(87): CodeIgniter\Boot::bootSpark(Object(Config\Paths))
#14 {main}
ERROR - 2025-11-07 08:26:59 --> ErrorException: pg_query(): Query failed: ERREUR:  il n'existe aucune contrainte unique correspondant aux clés données pour la table « utilisateur » référencée in C:\Users\thiba\Desktop\Programmes\Pro\SAEs\SAE-5.01\Eloge_Du_Monde\system\Database\Postgre\Connection.php:206
Stack trace:
#0 [internal function]: CodeIgniter\Debug\Exceptions->errorHandler(2, 'pg_query(): Que...', 'C:\\Users\\thiba\\...', 206)
#1 C:\Users\thiba\Desktop\Programmes\Pro\SAEs\SAE-5.01\Eloge_Du_Monde\system\Database\Postgre\Connection.php(206): pg_query(Object(PgSql\Connection), 'CREATE TABLE "j...')
#2 C:\Users\thiba\Desktop\Programmes\Pro\SAEs\SAE-5.01\Eloge_Du_Monde\system\Database\BaseConnection.php(729): CodeIgniter\Database\Postgre\Connection->execute('CREATE TABLE "j...')
#3 C:\Users\thiba\Desktop\Programmes\Pro\SAEs\SAE-5.01\Eloge_Du_Monde\system\Database\BaseConnection.php(646): CodeIgniter\Database\BaseConnection->simpleQuery('CREATE TABLE "j...')
#4 C:\Users\thiba\Desktop\Programmes\Pro\SAEs\SAE-5.01\Eloge_Du_Monde\system\Database\Forge.php(570): CodeIgniter\Database\BaseConnection->query('CREATE TABLE "j...')
#5 C:\Users\thiba\Desktop\Programmes\Pro\SAEs\SAE-5.01\Eloge_Du_Monde\app\Database\Migrations\2025-11-06-103501_CreateTableJourneaux.php(35): CodeIgniter\Database\Forge->createTable('journeaux')
#6 C:\Users\thiba\Desktop\Programmes\Pro\SAEs\SAE-5.01\Eloge_Du_Monde\system\Database\MigrationRunner.php(876): App\Database\Migrations\CreateTableJourneaux->up()
#7 C:\Users\thiba\Desktop\Programmes\Pro\SAEs\SAE-5.01\Eloge_Du_Monde\system\Database\MigrationRunner.php(182): CodeIgniter\Database\MigrationRunner->migrate('up', Object(stdClass))
#8 C:\Users\thiba\Desktop\Programmes\Pro\SAEs\SAE-5.01\Eloge_Du_Monde\system\Commands\Database\Migrate.php(85): CodeIgniter\Database\MigrationRunner->latest(NULL)
#9 C:\Users\thiba\Desktop\Programmes\Pro\SAEs\SAE-5.01\Eloge_Du_Monde\system\CLI\Commands.php(74): CodeIgniter\Commands\Database\Migrate->run(Array)
#10 C:\Users\thiba\Desktop\Programmes\Pro\SAEs\SAE-5.01\Eloge_Du_Monde\system\CLI\Console.php(47): CodeIgniter\CLI\Commands->run('migrate', Array)
#11 C:\Users\thiba\Desktop\Programmes\Pro\SAEs\SAE-5.01\Eloge_Du_Monde\system\Boot.php(388): CodeIgniter\CLI\Console->run()
#12 C:\Users\thiba\Desktop\Programmes\Pro\SAEs\SAE-5.01\Eloge_Du_Monde\system\Boot.php(133): CodeIgniter\Boot::runCommand(Object(CodeIgniter\CLI\Console))
#13 C:\Users\thiba\Desktop\Programmes\Pro\SAEs\SAE-5.01\Eloge_Du_Monde\spark(87): CodeIgniter\Boot::bootSpark(Object(Config\Paths))
#14 {main}
ERROR - 2025-11-07 09:57:27 --> ErrorException: pg_query(): Query failed: ERREUR:  la relation « journaux » n'existe pas in C:\Users\thiba\Desktop\Programmes\Pro\SAEs\SAE-5.01\Eloge_Du_Monde\system\Database\Postgre\Connection.php:206
Stack trace:
#0 [internal function]: CodeIgniter\Debug\Exceptions->errorHandler(2, 'pg_query(): Que...', 'C:\\Users\\thiba\\...', 206)
#1 C:\Users\thiba\Desktop\Programmes\Pro\SAEs\SAE-5.01\Eloge_Du_Monde\system\Database\Postgre\Connection.php(206): pg_query(Object(PgSql\Connection), '\r\n\t\tCREATE INDE...')
#2 C:\Users\thiba\Desktop\Programmes\Pro\SAEs\SAE-5.01\Eloge_Du_Monde\system\Database\BaseConnection.php(729): CodeIgniter\Database\Postgre\Connection->execute('\r\n\t\tCREATE INDE...')
#3 C:\Users\thiba\Desktop\Programmes\Pro\SAEs\SAE-5.01\Eloge_Du_Monde\system\Database\BaseConnection.php(646): CodeIgniter\Database\BaseConnection->simpleQuery('\r\n\t\tCREATE INDE...')
#4 C:\Users\thiba\Desktop\Programmes\Pro\SAEs\SAE-5.01\Eloge_Du_Monde\app\Database\Migrations\2025-11-07-095637_CreateIndexs.php(11): CodeIgniter\Database\BaseConnection->query('\r\n\t\tCREATE INDE...')
#5 C:\Users\thiba\Desktop\Programmes\Pro\SAEs\SAE-5.01\Eloge_Du_Monde\system\Database\MigrationRunner.php(876): App\Database\Migrations\CreateIndexs->up()
#6 C:\Users\thiba\Desktop\Programmes\Pro\SAEs\SAE-5.01\Eloge_Du_Monde\system\Database\MigrationRunner.php(182): CodeIgniter\Database\MigrationRunner->migrate('up', Object(stdClass))
#7 C:\Users\thiba\Desktop\Programmes\Pro\SAEs\SAE-5.01\Eloge_Du_Monde\system\Commands\Database\Migrate.php(85): CodeIgniter\Database\MigrationRunner->latest(NULL)
#8 C:\Users\thiba\Desktop\Programmes\Pro\SAEs\SAE-5.01\Eloge_Du_Monde\system\CLI\Commands.php(74): CodeIgniter\Commands\Database\Migrate->run(Array)
#9 C:\Users\thiba\Desktop\Programmes\Pro\SAEs\SAE-5.01\Eloge_Du_Monde\system\CLI\Console.php(47): CodeIgniter\CLI\Commands->run('migrate', Array)
#10 C:\Users\thiba\Desktop\Programmes\Pro\SAEs\SAE-5.01\Eloge_Du_Monde\system\Boot.php(388): CodeIgniter\CLI\Console->run()
#11 C:\Users\thiba\Desktop\Programmes\Pro\SAEs\SAE-5.01\Eloge_Du_Monde\system\Boot.php(133): CodeIgniter\Boot::runCommand(Object(CodeIgniter\CLI\Console))
#12 C:\Users\thiba\Desktop\Programmes\Pro\SAEs\SAE-5.01\Eloge_Du_Monde\spark(87): CodeIgniter\Boot::bootSpark(Object(Config\Paths))
#13 {main}
